// 同步 ID: 368e7295 @ Sun Jul 26 15:53:04 UTC 2026
// 同步 ID: 212e0361 @ Mon Jul 27 15:48:38 UTC 2026
// 重构日志: e59d5e88
// 同步 ID: 57a22401 @ Wed Jul 29 00:43:21 UTC 2026
// 重构日志: 5e949892
// 重构日志: 53fbd2c6
// 重构日志: 27450edb
// 重构日志: 48358f15
// 重构日志: cf123096
// 重构日志: 76c3110f
// 重构日志: 991a5fa3
// 重构日志: 632f1125
// 重构日志: 84d0dc55
// 同步 ID: 82eb723f @ Sun Aug  2 01:22:15 UTC 2026
// 重构日志: ab9ef3ed
// 重构日志: dd856c89
// 重构日志: f1cbf37a
// 重构日志: 4edc7739
// 同步 ID: 1b8c46b1 @ Tue Aug  4 07:10:01 UTC 2026
// 同步 ID: 1418bd75 @ Tue Aug  4 10:16:05 UTC 2026
// 重构日志: 38bbf9b8
// 重构日志: eb49b4ed
// 重构日志: 81ef4ddb
// 同步 ID: dc8f147e @ Thu Aug  6 04:44:22 UTC 2026
// 重构日志: 4be374cb
// 重构日志: 71e544bf
// 同步 ID: 3376cf0d @ Fri Aug  7 06:14:14 UTC 2026
// 重构日志: 7d609bf1
// 同步 ID: b53591c0 @ Fri Aug  7 14:24:51 UTC 2026
// 同步 ID: 2c4ac1c6 @ Fri Aug  7 15:56:21 UTC 2026
// 重构日志: 3a5836ac
